./gradlew : WARNING: A 
restricted method in 
java.lang.System has been 
called
En línea: 1 Carácter: 1
+ ./gradlew 
:app:assembleDebug 
--no-daemon --console=plain 
2>&1 | Tee-O ...
+ ~~~~~~~~~~~~~~~~~~~~~~~~~~~
~~~~~~~~~~~~~~~~~~~~~~~~~~~~~
~~~~~
    + CategoryInfo           
   : NotSpecified: (WARNING  
  : A rest...has been call   
 ed:String) [], RemoteExc    
eption
    + FullyQualifiedErrorId  
   : NativeCommandError
 
WARNING: 
java.lang.System::load has 
been called by net.rubygrapef
ruit.platform.internal.Native
LibraryLoader in an unnamed 
module (file:/C:/Users/USER/.
gradle/wrapper/dists/gradle-8
.13-bin/5xuhj0ry160q40clulazy
9h7d/gradle-8.13/lib/native-p
latform-0.22-milestone-28.jar
)
WARNING: Use --enable-native-
access=ALL-UNNAMED to avoid 
a warning for callers in 
this module
WARNING: Restricted methods 
will be blocked in a future 
release unless native access 
is enabled

To honour the JVM settings for this build a single-use Daemon process will be forked. For more on this, please refer to https://docs.gradle.org/8.13/userguide/gradle_daemon.html#sec:disabling_the_daemon in the Gradle documentation.
Daemon will be stopped at the end of the build 
> Task :app:preBuild UP-TO-DATE
> Task :app:preDebugBuild UP-TO-DATE
> Task :app:mergeDebugNativeDebugMetadata NO-SOURCE
> Task :app:checkKotlinGradlePluginConfigurationErrors SKIPPED
> Task :app:checkDebugAarMetadata
> Task :app:processDebugNavigationResources
> Task :app:generateDebugResValues
> Task :app:compileDebugNavigationResources
> Task :app:processDebugGoogleServices
> Task :app:mapDebugSourceSetPaths
> Task :app:generateDebugResources
> Task :app:packageDebugResources
> Task :app:createDebugCompatibleScreenManifests
> Task :app:extractDeepLinksDebug
> Task :app:parseDebugLocalResources
> Task :app:processDebugMainManifest
> Task :app:mergeDebugResources
> Task :app:processDebugManifest
> Task :app:processDebugManifestForPackage
> Task :app:javaPreCompileDebug
> Task :app:mergeDebugShaders
> Task :app:compileDebugShaders NO-SOURCE
> Task :app:generateDebugAssets UP-TO-DATE
> Task :app:mergeDebugAssets
> Task :app:compressDebugAssets
> Task :app:desugarDebugFileDependencies
> Task :app:mergeDebugJniLibFolders
> Task :app:checkDebugDuplicateClasses
> Task :app:mergeDebugNativeLibs
> Task :app:validateSigningDebug
> Task :app:writeDebugAppMetadata
> Task :app:mergeLibDexDebug
> Task :app:writeDebugSigningConfigVersions

> Task :app:stripDebugDebugSymbols
Unable to strip the following libraries, packaging them as they are: libandroidx.graphics.path.so, libdatastore_shared_counter.so. Run with --info option to learn more.

> Task :app:processDebugResources
> Task :app:kspDebugKotlin

> Task :app:compileDebugKotlin FAILED
e: file:///C:/Users/USER/Andr
oidStudioProjects/MvvmNexus/a
pp/src/main/java/com/wilder/m
vvmnexus/presentation/compose
/screens/CartScreen.kt:10:47 
Unresolved reference 
'Remove'.
e: file:///C:/Users/USER/Andr
oidStudioProjects/MvvmNexus/a
pp/src/main/java/com/wilder/m
vvmnexus/presentation/compose
/screens/CartScreen.kt:126:40
 Unresolved reference 
'Remove'.

> Task :app:mergeExtDexDebug

FAILURE: Build failed with 
an exception.

* What went wrong:
Execution failed for task 
':app:compileDebugKotlin'.
> A failure occurred while 
executing org.jetbrains.kotli
n.compilerRunner.GradleCompil
erRunnerWithWorkers$GradleKot
linCompilerWorkAction
   > Compilation error. See 
log for more details

* Try:
> Run with --stacktrace 
option to get the stack 
trace.
> Run with --info or --debug 
option to get more log 
output.
> Run with --scan to get 
full insights.
> Get more help at 
https://help.gradle.org.

BUILD FAILED in 30s
32 actionable tasks: 32 executed
